(---------------------------------------------------------------------)
(                                                                     )
(    Allegro Netrev Import Logic                                      )
(                                                                     )
(    Drawing          : PROIECT1_CEF.brd                              )
(    Software Version : 17.2S025                                      )
(    Date/Time        : Wed Dec 10 20:26:14 2025                      )
(                                                                     )
(---------------------------------------------------------------------)


------ Directives ------------

Ripup etch:                  Yes
Ripup delete first segment:  No
Ripup retain bondwire:       No
Ripup symbols:               Always
Missing symbol has error:    No
DRC update:                  Yes
Schematic directory:         'C:\USERS\TONIC\DESKTOP\P1_2025_432E_ONICHI_IONUT_TIBERIU_GSD_N19_ORCAD\SCHEMATICS\SCHEMA_ELECTRICA_ORCAD\allegro'
Design Directory:            'C:/USERS/TONIC/DESKTOP/P1_2025_432E_ONICHI_IONUT_TIBERIU_GSD_N19_ORCAD/SCHEMATICS/SCHEMA_ELECTRICA_ORCAD/allegro'
Old design name:             'C:/Users/tonic/Desktop/P1_2025_432E_Onichi_Ionut_Tiberiu_GSD_N19_OrCAD/Schematics/schema_electrica_orcad/allegro/PROIECT1_CEF.brd'
New design name:             'C:/USERS/TONIC/DESKTOP/P1_2025_432E_ONICHI_IONUT_TIBERIU_GSD_N19_ORCAD/SCHEMATICS/SCHEMA_ELECTRICA_ORCAD/allegro/PROIECT1_CEF.brd'

CmdLine: netrev.exe -y 1 -x -i C:\USERS\TONIC\DESKTOP\P1_2025_432E_ONICHI_IONUT_TIBERIU_GSD_N19_ORCAD\SCHEMATICS\SCHEMA_ELECTRICA_ORCAD\allegro C:\Users\tonic\Desktop\P1_2025_432E_Onichi_Ionut_Tiberiu_GSD_N19_OrCAD\Schematics\schema_electrica_orcad\allegro\PROIECT1_CEF.brd C:\USERS\TONIC\DESKTOP\P1_2025_432E_ONICHI_IONUT_TIBERIU_GSD_N19_ORCAD\SCHEMATICS\SCHEMA_ELECTRICA_ORCAD\allegro\PROIECT1_CEF.brd

------ Preparing to read pst files ------

Starting to read C:/USERS/TONIC/DESKTOP/P1_2025_432E_ONICHI_IONUT_TIBERIU_GSD_N19_ORCAD/SCHEMATICS/SCHEMA_ELECTRICA_ORCAD/allegro/pstchip.dat 
   Finished reading C:/USERS/TONIC/DESKTOP/P1_2025_432E_ONICHI_IONUT_TIBERIU_GSD_N19_ORCAD/SCHEMATICS/SCHEMA_ELECTRICA_ORCAD/allegro/pstchip.dat (00:00:00.01)
Starting to read C:/USERS/TONIC/DESKTOP/P1_2025_432E_ONICHI_IONUT_TIBERIU_GSD_N19_ORCAD/SCHEMATICS/SCHEMA_ELECTRICA_ORCAD/allegro/pstxprt.dat 
   Finished reading C:/USERS/TONIC/DESKTOP/P1_2025_432E_ONICHI_IONUT_TIBERIU_GSD_N19_ORCAD/SCHEMATICS/SCHEMA_ELECTRICA_ORCAD/allegro/pstxprt.dat (00:00:00.00)
Starting to read C:/USERS/TONIC/DESKTOP/P1_2025_432E_ONICHI_IONUT_TIBERIU_GSD_N19_ORCAD/SCHEMATICS/SCHEMA_ELECTRICA_ORCAD/allegro/pstxnet.dat 
   Finished reading C:/USERS/TONIC/DESKTOP/P1_2025_432E_ONICHI_IONUT_TIBERIU_GSD_N19_ORCAD/SCHEMATICS/SCHEMA_ELECTRICA_ORCAD/allegro/pstxnet.dat (00:00:00.00)

------ Oversights/Warnings/Errors ------


------ Library Paths ------
MODULEPATH =  . 
           D:/CADence/share/local/pcb/modules 

PSMPATH =  . 
           symbols 
           .. 
           ../symbols 
           D:/CADence/share/local/pcb/symbols 
           D:/CADence/share/pcb/pcb_lib/symbols 
           D:/CADence/share/pcb/allegrolib/symbols 

PADPATH =  . 
           symbols 
           .. 
           ../symbols 
           D:/CADence/share/local/pcb/padstacks 
           D:/CADence/share/pcb/pcb_lib/symbols 
           D:/CADence/share/pcb/allegrolib/symbols 


------ Summary Statistics ------


netrev run on Dec 10 20:26:14 2025
   DESIGN NAME : 'PROIECT1_CEF'
   PACKAGING ON Jul 30 2017 03:29:02

   COMPILE 'logic'
   CHECK_PIN_NAMES OFF
   CROSS_REFERENCE OFF
   FEEDBACK OFF
   INCREMENTAL OFF
   INTERFACE_TYPE PHYSICAL
   MAX_ERRORS 500
   MERGE_MINIMUM 5
   NET_NAME_CHARS '#%&()*+-./:=>?@[]^_`|'
   NET_NAME_LENGTH 24
   OVERSIGHTS ON
   REPLACE_CHECK OFF
   SINGLE_NODE_NETS ON
   SPLIT_MINIMUM 0
   SUPPRESS   20
   WARNINGS ON

 No error detected
 No oversight detected
 No warning detected

cpu time      0:00:13
elapsed time  0:00:00

